// Jest Snapshot v1, https://goo.gl/fbAQLP

exports[`component config-search-toggle is clickable 1`] = `
<span
  className="button"
  onClick={[Function]}
>
  <span
    className="icon"
  >
    <i
      className="fa fa-search"
    />
  </span>
</span>
`;
