// Jest Snapshot v1, https://goo.gl/fbAQLP

exports[`component config-delete-toggle is clickable 1`] = `
<span
  className="button is-danger"
  onClick={[Function]}
>
  <span
    className="icon"
  >
    <i
      className="fa fa-trash"
    />
  </span>
</span>
`;
