// Jest Snapshot v1, https://goo.gl/fbAQLP

exports[`component full-view wraps its children 1`] = `
<div
  className="view"
>
  content
</div>
`;
